// Jest Snapshot v1, https://goo.gl/fbAQLP

exports[`Prueba en <>FirstApp</> debe hacer match con el snapshot 1`] = `
<div>
  <h1
    data-testid="test-title"
  >
    hola soy goku
  </h1>
  <p>
    no hay subtitulo
  </p>
  <p>
    no hay parrafo
  </p>
</div>
`;
